// Jest Snapshot v1, https://goo.gl/fbAQLP

exports[`App component renders App 1`] = `
<section
  className="Parallax"
>
  <div
    id="stars"
  />
  <div
    id="stars2"
  />
  <div
    id="stars3"
  />
  <div
    id="stars4"
  />
  <h1>
    Donna Lambert
  </h1>
</section>
`;
